python : EEEE
At line:1 char:1
+ python -m unittest tests/test_job_manager.py > test_output.txt 2>&1
+ ~~~~~~~~~~~~~~~~~~~~~~~~~~~~~~~~~~~~~~~~~~~~~~~~~~~~~~~~~~~~~~~~~~~
    + CategoryInfo          : NotSpecified: (EEEE:String) [], RemoteException
    + FullyQualifiedErrorId : NativeCommandError
 
======================================================================
ERROR: test_cleanup (tests.test_job_manager.TestJobManager.test_cleanup)
----------------------------------------------------------------------
Traceback (most recent call last):
  File "E:\G\GeminiCLI\ai-test-project\kronos\tests\test_job_manager.py", line 19, in tearDown
    shutil.rmtree(self.test_dir)
  File "C:\Users\sdeni\AppData\Local\Programs\Python\Python311\Lib\shutil.py", line 787, in rmtree
    return _rmtree_unsafe(path, onerror)
           ^^^^^^^^^^^^^^^^^^^^^^^^^^^^^
  File "C:\Users\sdeni\AppData\Local\Programs\Python\Python311\Lib\shutil.py", line 634, in _rmtree_unsafe
    onerror(os.unlink, fullname, sys.exc_info())
  File "C:\Users\sdeni\AppData\Local\Programs\Python\Python311\Lib\shutil.py", line 632, in _rmtree_unsafe
    os.unlink(fullname)
PermissionError: [WinError 32] The process cannot access the file because it is being used by another process: 'tests/temp_data\\jobs.db'

======================================================================
ERROR: test_job_lifecycle (tests.test_job_manager.TestJobManager.test_job_lifecycle)
----------------------------------------------------------------------
Traceback (most recent call last):
  File "E:\G\GeminiCLI\ai-test-project\kronos\tests\test_job_manager.py", line 12, in setUp
    shutil.rmtree(self.test_dir)
  File "C:\Users\sdeni\AppData\Local\Programs\Python\Python311\Lib\shutil.py", line 787, in rmtree
    return _rmtree_unsafe(path, onerror)
           ^^^^^^^^^^^^^^^^^^^^^^^^^^^^^
  File "C:\Users\sdeni\AppData\Local\Programs\Python\Python311\Lib\shutil.py", line 634, in _rmtree_unsafe
    onerror(os.unlink, fullname, sys.exc_info())
  File "C:\Users\sdeni\AppData\Local\Programs\Python\Python311\Lib\shutil.py", line 632, in _rmtree_unsafe
    os.unlink(fullname)
PermissionError: [WinError 32] The process cannot access the file because it is being used by another process: 'tests/temp_data\\jobs.db'

======================================================================
ERROR: test_priority_ordering (tests.test_job_manager.TestJobManager.test_priority_ordering)
----------------------------------------------------------------------
Traceback (most recent call last):
  File "E:\G\GeminiCLI\ai-test-project\kronos\tests\test_job_manager.py", line 12, in setUp
    shutil.rmtree(self.test_dir)
  File "C:\Users\sdeni\AppData\Local\Programs\Python\Python311\Lib\shutil.py", line 787, in rmtree
    return _rmtree_unsafe(path, onerror)
           ^^^^^^^^^^^^^^^^^^^^^^^^^^^^^
  File "C:\Users\sdeni\AppData\Local\Programs\Python\Python311\Lib\shutil.py", line 634, in _rmtree_unsafe
    onerror(os.unlink, fullname, sys.exc_info())
  File "C:\Users\sdeni\AppData\Local\Programs\Python\Python311\Lib\shutil.py", line 632, in _rmtree_unsafe
    os.unlink(fullname)
PermissionError: [WinError 32] The process cannot access the file because it is being used by another process: 'tests/temp_data\\jobs.db'

======================================================================
ERROR: test_submit_and_get_job (tests.test_job_manager.TestJobManager.test_submit_and_get_job)
----------------------------------------------------------------------
Traceback (most recent call last):
  File "E:\G\GeminiCLI\ai-test-project\kronos\tests\test_job_manager.py", line 12, in setUp
    shutil.rmtree(self.test_dir)
  File "C:\Users\sdeni\AppData\Local\Programs\Python\Python311\Lib\shutil.py", line 787, in rmtree
    return _rmtree_unsafe(path, onerror)
           ^^^^^^^^^^^^^^^^^^^^^^^^^^^^^
  File "C:\Users\sdeni\AppData\Local\Programs\Python\Python311\Lib\shutil.py", line 634, in _rmtree_unsafe
    onerror(os.unlink, fullname, sys.exc_info())
  File "C:\Users\sdeni\AppData\Local\Programs\Python\Python311\Lib\shutil.py", line 632, in _rmtree_unsafe
    os.unlink(fullname)
PermissionError: [WinError 32] The process cannot access the file because it is being used by another process: 'tests/temp_data\\jobs.db'

----------------------------------------------------------------------
Ran 4 tests in 0.731s

FAILED (errors=4)
